Collecting wandb
  Downloading wandb-0.28.0-py3-none-manylinux_2_28_x86_64.whl.metadata (11 kB)
Requirement already satisfied: click>=8.2.0 in /dcs/pg25/u5751903/.conda/envs/llada/lib/python3.10/site-packages (from wandb) (8.3.1)
Collecting gitpython!=3.1.29,>=1.0.0 (from wandb)
  Downloading gitpython-3.1.50-py3-none-any.whl.metadata (14 kB)
Requirement already satisfied: packaging in /dcs/pg25/u5751903/.conda/envs/llada/lib/python3.10/site-packages (from wandb) (25.0)
Collecting platformdirs (from wandb)
  Downloading platformdirs-4.10.0-py3-none-any.whl.metadata (5.5 kB)
Collecting protobuf!=5.28.0,!=5.29.0,<8,>4.21.0 (from wandb)
  Downloading protobuf-7.35.1-cp310-abi3-manylinux2014_x86_64.whl.metadata (595 bytes)
Collecting pydantic<3,>=2.6 (from wandb)
  Downloading pydantic-2.13.4-py3-none-any.whl.metadata (109 kB)
Requirement already satisfied: pyyaml in /dcs/pg25/u5751903/.conda/envs/llada/lib/python3.10/site-packages (from wandb) (6.0.3)
Requirement already satisfied: requests<3,>=2.0.0 in /dcs/pg25/u5751903/.conda/envs/llada/lib/python3.10/site-packages (from wandb) (2.33.1)
Collecting sentry-sdk>=2.0.0 (from wandb)
  Downloading sentry_sdk-2.64.0-py3-none-any.whl.metadata (10 kB)
Requirement already satisfied: typing-extensions<5,>=4.8 in /dcs/pg25/u5751903/.conda/envs/llada/lib/python3.10/site-packages (from wandb) (4.15.0)
Collecting annotated-types>=0.6.0 (from pydantic<3,>=2.6->wandb)
  Using cached annotated_types-0.7.0-py3-none-any.whl.metadata (15 kB)
Collecting pydantic-core==2.46.4 (from pydantic<3,>=2.6->wandb)
  Downloading pydantic_core-2.46.4-cp310-cp310-manylinux_2_17_x86_64.manylinux2014_x86_64.whl.metadata (6.6 kB)
Collecting typing-inspection>=0.4.2 (from pydantic<3,>=2.6->wandb)
  Using cached typing_inspection-0.4.2-py3-none-any.whl.metadata (2.6 kB)
Requirement already satisfied: charset_normalizer<4,>=2 in /dcs/pg25/u5751903/.conda/envs/llada/lib/python3.10/site-packages (from requests<3,>=2.0.0->wandb) (3.4.6)
Requirement already satisfied: idna<4,>=2.5 in /dcs/pg25/u5751903/.conda/envs/llada/lib/python3.10/site-packages (from requests<3,>=2.0.0->wandb) (3.11)
Requirement already satisfied: urllib3<3,>=1.26 in /dcs/pg25/u5751903/.conda/envs/llada/lib/python3.10/site-packages (from requests<3,>=2.0.0->wandb) (2.6.3)
Requirement already satisfied: certifi>=2023.5.7 in /dcs/pg25/u5751903/.conda/envs/llada/lib/python3.10/site-packages (from requests<3,>=2.0.0->wandb) (2026.2.25)
Collecting gitdb<5,>=4.0.1 (from gitpython!=3.1.29,>=1.0.0->wandb)
  Using cached gitdb-4.0.12-py3-none-any.whl.metadata (1.2 kB)
Collecting smmap<6,>=3.0.1 (from gitdb<5,>=4.0.1->gitpython!=3.1.29,>=1.0.0->wandb)
  Using cached smmap-5.0.3-py3-none-any.whl.metadata (4.6 kB)
Downloading wandb-0.28.0-py3-none-manylinux_2_28_x86_64.whl (26.8 MB)
   ━━━━━━━━━━━━━━━━━━━━━━━━━━━━━━━━━━━━━━━━ 26.8/26.8 MB 162.2 MB/s  0:00:00
Downloading protobuf-7.35.1-cp310-abi3-manylinux2014_x86_64.whl (327 kB)
Downloading pydantic-2.13.4-py3-none-any.whl (472 kB)
Downloading pydantic_core-2.46.4-cp310-cp310-manylinux_2_17_x86_64.manylinux2014_x86_64.whl (2.1 MB)
   ━━━━━━━━━━━━━━━━━━━━━━━━━━━━━━━━━━━━━━━━ 2.1/2.1 MB 106.9 MB/s  0:00:00
Using cached annotated_types-0.7.0-py3-none-any.whl (13 kB)
Downloading gitpython-3.1.50-py3-none-any.whl (212 kB)
Using cached gitdb-4.0.12-py3-none-any.whl (62 kB)
Using cached smmap-5.0.3-py3-none-any.whl (24 kB)
Downloading sentry_sdk-2.64.0-py3-none-any.whl (498 kB)
Using cached typing_inspection-0.4.2-py3-none-any.whl (14 kB)
Downloading platformdirs-4.10.0-py3-none-any.whl (22 kB)
Installing collected packages: typing-inspection, smmap, sentry-sdk, pydantic-core, protobuf, platformdirs, annotated-types, pydantic, gitdb, gitpython, wandb

Successfully installed annotated-types-0.7.0 gitdb-4.0.12 gitpython-3.1.50 platformdirs-4.10.0 protobuf-7.35.1 pydantic-2.13.4 pydantic-core-2.46.4 sentry-sdk-2.64.0 smmap-5.0.3 typing-inspection-0.4.2 wandb-0.28.0
Obtaining file:///dcs/pg25/u5751903/dev/lorta/peft
  Installing build dependencies: started
  Installing build dependencies: finished with status 'done'
  Checking if build backend supports build_editable: started
  Checking if build backend supports build_editable: finished with status 'done'
  Getting requirements to build editable: started
  Getting requirements to build editable: finished with status 'done'
  Preparing editable metadata (pyproject.toml): started
  Preparing editable metadata (pyproject.toml): finished with status 'done'
Building wheels for collected packages: peft
  Building editable for peft (pyproject.toml): started
  Building editable for peft (pyproject.toml): finished with status 'done'
  Created wheel for peft: filename=peft-0.10.1.dev0-0.editable-py3-none-any.whl size=7134 sha256=bcbe07e9595274bca5ee17aaaab9ae161efdba02fcf811afb4ce25133670bf2a
  Stored in directory: /tmp/dcs-tmp.u5751903/pip-ephem-wheel-cache-khnn445v/wheels/8c/a8/10/f42cfa801766dca6edc5e81b8b2b69c2ab84c89f7df855315b
Successfully built peft
Installing collected packages: peft
  Attempting uninstall: peft
    Found existing installation: peft 0.18.1
    Uninstalling peft-0.18.1:
      Successfully uninstalled peft-0.18.1
Successfully installed peft-0.10.1.dev0
Traceback (most recent call last):
  File "/dcs/pg25/u5751903/dev/lorta/llada/train.py", line 388, in <module>
    train()
  File "/dcs/pg25/u5751903/dev/lorta/llada/train.py", line 283, in train
    wandb.init(
  File "/dcs/pg25/u5751903/.conda/envs/llada/lib/python3.10/site-packages/wandb/sdk/wandb_init.py", line 1530, in init
    get_sentry().reraise(e)
  File "/dcs/pg25/u5751903/.conda/envs/llada/lib/python3.10/site-packages/wandb/analytics/sentry.py", line 191, in reraise
    raise exc.with_traceback(tb)
  File "/dcs/pg25/u5751903/.conda/envs/llada/lib/python3.10/site-packages/wandb/sdk/wandb_init.py", line 1447, in init
    wi.maybe_login(init_settings)
  File "/dcs/pg25/u5751903/.conda/envs/llada/lib/python3.10/site-packages/wandb/sdk/wandb_init.py", line 200, in maybe_login
    wandb_login._login(
  File "/dcs/pg25/u5751903/.conda/envs/llada/lib/python3.10/site-packages/wandb/sdk/wandb_login.py", line 190, in _login
    auth = _find_or_prompt_for_key(
  File "/dcs/pg25/u5751903/.conda/envs/llada/lib/python3.10/site-packages/wandb/sdk/wandb_login.py", line 266, in _find_or_prompt_for_key
    auth = wbauth.authenticate_session(
  File "/dcs/pg25/u5751903/.conda/envs/llada/lib/python3.10/site-packages/wandb/sdk/lib/wbauth/authenticate.py", line 120, in authenticate_session
    raise UsageError(
wandb.errors.errors.UsageError: No API key configured. Use `wandb login` to log in.
srun: error: gecko-02: task 0: Exited with exit code 1
